 2019 12:21:46

rst:0x1 (POWERON_RESET),boot:0x13 (SPI_FAST_FLASH_BOOT)
configsip: 0, SPIWP:0xee
clk_drv:0x00,q_drv:0x00,d_drv:0x00,cs0_drv:0x00,hd_drv:0x00,wp_drv:0x00
mode:DIO, clock div:2
ï¿½ets Jul 29 2019 12:21:46

rst:0x1 (POWERON_RESET),boot:0x13 (SPI_FAST_FLASH_BOOT)
configsip: 0, SPIWP:0xee
clk_drv:0x00,q_drv:0x00,d_drv:0x00,cs0_drv:0x00,hd_drv:0x00,wp_drv:0x00
mode:DIO, clock div:2
load:0x3fff00c0,len:10316
ho 0 tail 12 room 4
load:0x40078000,len:22064
load:0x40080400,len:4
load:0x40080404,len:3860
entry 0x4008063c
[0;32mI (33) boot: ESP-IDF v5.4-1-ge33cb68d2a-dirty 2nd stage bootloader[0m
[0;32mI (34) boot: compile time Mar 17 2025 23:37:59[0m
[0;32mI (34) boot: Multicore bootloader[0m
[0;32mI (36) boot: chip revision: v3.1[0m
[0;32mI (39) boot.esp32: SPI Speed      : 40MHz[0m
[0;32mI (43) boot.esp32: SPI Mode       : DIO[0m
[0;32mI (47) boot.esp32: SPI Flash Size : 4MB[0m
[0;32mI (50) boot: Enabling RNG early entropy source...[0m
[0;32mI (55) boot: Partition Table:[0m
[0;32mI (57) boot: ## Label            Usage          Type ST Offset   Length[0m
[0;32mI (64) boot:  0 nvs              WiFi data        01 02 0000b000 00004000[0m
[0;32mI (70) boot:  1 otadata          OTA data         01 00 0000f000 00002000[0m
[0;32mI (77) boot:  2 phy_init         RF data          01 01 00011000 00001000[0m
[0;32mI (83) boot:  3 nvs_keys         NVS keys         01 04 00012000 00001000[0m
[0;32mI (90) boot:  4 ota_0            OTA app          00 10 00020000 00160000[0m
[0;32mI (96) boot:  5 ota_1            OTA app          00 11 00180000 00160000[0m
[0;32mI (103) boot:  6 storage          WiFi data        01 02 002e0000 00030000[0m
[0;32mI (109) boot: End of partition table[0m
[0;32mI (113) esp_image: segment 0: paddr=00020020 vaddr=3f400020 size=22360h (140128) map[0m
[0;32mI (170) esp_image: segment 1: paddr=00042388 vaddr=3ff80000 size=0001ch (    28) load[0m
[0;32mI (170) esp_image: segment 2: paddr=000423ac vaddr=3ffb0000 size=04018h ( 16408) load[0m
[0;32mI (180) esp_image: segment 3: paddr=000463cc vaddr=40080000 size=09c4ch ( 40012) load[0m
[0;32mI (197) esp_image: segment 4: paddr=00050020 vaddr=400d0020 size=b03ech (721900) map[0m
[0;32mI (453) esp_image: segment 5: paddr=00100414 vaddr=40089c4c size=0ddd0h ( 56784) load[0m
[0;32mI (487) boot: Loaded app from partition at offset 0x20000[0m
[0;32mI (487) boot: Checking flash encryption...[0m
[0;32mI (487) flash_encrypt: flash encryption is enabled (0 plaintext flashes left)[0m
[0;32mI (492) boot: Disabling RNG early entropy source...[0m
[0;32mI (508) cpu_start: Multicore app[0m
[0;32mI (517) cpu_start: Pro cpu start user code[0m
[0;32mI (517) cpu_start: cpu freq: 160000000 Hz[0m
[0;32mI (517) app_init: Application information:[0m
[0;32mI (517) app_init: Project name:     mqtt_ssl_mutual_auth[0m
[0;32mI (522) app_init: App version:      v5.4-1-ge33cb68d2a-dirty[0m
[0;32mI (527) app_init: Compile time:     Mar 17 2025 23:37:13[0m
[0;32mI (532) app_init: ELF file SHA256:  5e4c5a8c4...[0m
[0;32mI (537) app_init: ESP-IDF:          v5.4-1-ge33cb68d2a-dirty[0m
[0;32mI (542) efuse_init: Min chip rev:     v0.0[0m
[0;32mI (546) efuse_init: Max chip rev:     v3.99 [0m
[0;32mI (550) efuse_init: Chip rev:         v3.1[0m
[0;32mI (554) heap_init: Initializing. RAM available for dynamic allocation:[0m
[0;32mI (560) heap_init: At 3FFAE6E0 len 00001920 (6 KiB): DRAM[0m
[0;32mI (565) heap_init: At 3FFB8B80 len 00027480 (157 KiB): DRAM[0m
[0;32mI (570) heap_init: At 3FFE0440 len 00003AE0 (14 KiB): D/IRAM[0m
[0;32mI (576) heap_init: At 3FFE4350 len 0001BCB0 (111 KiB): D/IRAM[0m
[0;32mI (581) heap_init: At 40097A1C len 000085E4 (33 KiB): IRAM[0m
[0;32mI (588) spi_flash: detected chip: generic[0m
[0;32mI (590) spi_flash: flash io: dio[0m
[0;33mW (593) flash_encrypt: Flash encryption mode is DEVELOPMENT (not secure)[0m
[0;32mI (600) nvs_sec_provider: NVS Encryption - Registering Flash encryption-based scheme...[0m
[0;32mI (609) main_task: Started on CPU0[0m
[0;32mI (619) main_task: Calling app_main()[0m
[0;32mI (619) Sonoff: [APP] Startup..[0m
[0;32mI (619) Sonoff: [APP] Free memory: 275748 bytes[0m
[0;32mI (619) Sonoff: [APP] IDF version: v5.4-1-ge33cb68d2a-dirty[0m
[0;32mI (669) nvs: NVS partition "nvs" is encrypted.[0m
[0;32mI (679) wifi:wifi driver task: 3ffc0dac, prio:23, stack:6656, core=0[0m
[0;32mI (699) wifi:wifi firmware version: 48ea317a7[0m
[0;32mI (699) wifi:wifi certification version: v7.0[0m
[0;32mI (699) wifi:config NVS flash: enabled[0m
[0;32mI (699) wifi:config nano formatting: disabled[0m
[0;32mI (709) wifi:Init data frame dynamic rx buffer num: 32[0m
[0;32mI (709) wifi:Init static rx mgmt buffer num: 5[0m
[0;32mI (719) wifi:Init management short buffer num: 32[0m
[0;32mI (719) wifi:Init dynamic tx buffer num: 32[0m
[0;32mI (719) wifi:Init static rx buffer size: 1600[0m
[0;32mI (729) wifi:Init static rx buffer num: 10[0m
[0;32mI (729) wifi:Init dynamic rx buffer num: 32[0m
[0;32mI (739) wifi_init: rx ba win: 6[0m
[0;32mI (739) wifi_init: accept mbox: 6[0m
[0;32mI (739) wifi_init: tcpip mbox: 32[0m
[0;32mI (739) wifi_init: udp mbox: 6[0m
[0;32mI (749) wifi_init: tcp mbox: 6[0m
[0;32mI (749) wifi_init: tcp tx win: 5760[0m
[0;32mI (749) wifi_init: tcp rx win: 5760[0m
[0;32mI (759) wifi_init: tcp mss: 1440[0m
[0;32mI (759) wifi_init: WiFi IRAM OP enabled[0m
[0;32mI (759) wifi_init: WiFi RX IRAM OP enabled[0m
[0;32mI (769) phy_init: phy_version 4840,02e0d70,Sep  2 2024,19:39:07[0m
[0;33mW (849) phy_init: saving new calibration data because of checksum failure, mode(0)[0m
[0;32mI (879) wifi:mode : sta (8c:4f:00:3d:39:60)[0m
[0;32mI (879) wifi:enable tsf[0m
