ets Jul 29 2019 12:21:46

rst:0x1 (POWERON_RESET),boot:0x13 (SPI_FAST_FLASH_BOOT)
configsip: 0, SPIWP:0xee
clk_drv:0x00,q_drv:0x00,d_drv:0x00,cs0_drv:0x00,hd_drv:0x00,wp_drv:0x00
mode:DIO, clock div:2
ï¿½ets Jul 29 2019 12:21:46

rst:0x1 (POWERON_RESET),boot:0x13 (SPI_FAST_FLASH_BOOT)
configsip: 0, SPIWP:0xee
clk_drv:0x00,q_drv:0x00,d_drv:0x00,cs0_drv:0x00,hd_drv:0x00,wp_drv:0x00
mode:DIO, clock div:2
load:0x3fff00c0,len:10316
ho 0 tail 12 room 4
load:0x40078000,len:22064
load:0x40080400,len:4
load:0x40080404,len:3860
entry 0x4008063c
[0;32mI (33) boot: ESP-IDF v5.4-1-ge33cb68d2a-dirty 2nd stage bootloader[0m
[0;32mI (33) boot: compile time Mar 17 2025 23:37:59[0m
[0;32mI (34) boot: Multicore bootloader[0m
[0;32mI (36) boot: chip revision: v3.1[0m
[0;32mI (39) boot.esp32: SPI Speed      : 40MHz[0m
[0;32mI (43) boot.esp32: SPI Mode       : DIO[0m
[0;32mI (47) boot.esp32: SPI Flash Size : 4MB[0m
[0;32mI (50) boot: Enabling RNG early entropy source...[0m
[0;32mI (55) boot: Partition Table:[0m
[0;32mI (57) boot: ## Label            Usage          Type ST Offset   Length[0m
[0;32mI (64) boot:  0 nvs              WiFi data        01 02 0000b000 00004000[0m
[0;32mI (70) boot:  1 otadata          OTA data         01 00 0000f000 00002000[0m
[0;32mI (77) boot:  2 phy_init         RF data          01 01 00011000 00001000[0m
[0;32mI (83) boot:  3 nvs_keys         NVS keys         01 04 00012000 00001000[0m
[0;32mI (90) boot:  4 ota_0            OTA app          00 10 00020000 00160000[0m
[0;32mI (96) boot:  5 ota_1            OTA app          00 11 00180000 00160000[0m
[0;32mI (103) boot:  6 storage          WiFi data        01 02 002e0000 00030000[0m
[0;32mI (109) boot: End of partition table[0m
[0;32mI (113) boot: No factory image, trying OTA 0[0m
[0;32mI (117) esp_image: segment 0: paddr=00020020 vaddr=3f400020 size=22828h (141352) map[0m
[0;32mI (174) esp_image: segment 1: paddr=00042850 vaddr=3ff80000 size=0001ch (    28) load[0m
[0;32mI (174) esp_image: segment 2: paddr=00042874 vaddr=3ffb0000 size=04018h ( 16408) load[0m
[0;32mI (184) esp_image: segment 3: paddr=00046894 vaddr=40080000 size=09784h ( 38788) load[0m
[0;32mI (201) esp_image: segment 4: paddr=00050020 vaddr=400d0020 size=b1440h (726080) map[0m
[0;32mI (458) esp_image: segment 5: paddr=00101468 vaddr=40089784 size=0e298h ( 58008) load[0m
[0;32mI (493) boot: Loaded app from partition at offset 0x20000[0m
[0;32mI (514) boot: Set actual ota_seq=1 in otadata[0][0m
[0;32mI (515) boot: Checking flash encryption...[0m
[0;32mI (515) flash_encrypt: flash encryption is enabled (0 plaintext flashes left)[0m
[0;32mI (518) boot: Disabling RNG early entropy source...[0m
[0;32mI (535) cpu_start: Multicore app[0m
[0;32mI (543) cpu_start: Pro cpu start user code[0m
[0;32mI (543) cpu_start: cpu freq: 160000000 Hz[0m
[0;32mI (544) app_init: Application information:[0m
[0;32mI (544) app_init: Project name:     mqtt_ssl_mutual_auth[0m
[0;32mI (549) app_init: App version:      v5.4-1-ge33cb68d2a-dirty[0m
[0;32mI (554) app_init: Compile time:     Mar 17 2025 23:37:13[0m
[0;32mI (559) app_init: ELF file SHA256:  53486b19c...[0m
[0;32mI (563) app_init: ESP-IDF:          v5.4-1-ge33cb68d2a-dirty[0m
[0;32mI (569) efuse_init: Min chip rev:     v0.0[0m
[0;32mI (573) efuse_init: Max chip rev:     v3.99 [0m
[0;32mI (577) efuse_init: Chip rev:         v3.1[0m
[0;32mI (581) heap_init: Initializing. RAM available for dynamic allocation:[0m
[0;32mI (587) heap_init: At 3FFAE6E0 len 00001920 (6 KiB): DRAM[0m
[0;32mI (592) heap_init: At 3FFB8BD0 len 00027430 (157 KiB): DRAM[0m
[0;32mI (597) heap_init: At 3FFE0440 len 00003AE0 (14 KiB): D/IRAM[0m
[0;32mI (602) heap_init: At 3FFE4350 len 0001BCB0 (111 KiB): D/IRAM[0m
[0;32mI (608) heap_init: At 40097A1C len 000085E4 (33 KiB): IRAM[0m
[0;32mI (615) spi_flash: detected chip: generic[0m
[0;32mI (617) spi_flash: flash io: dio[0m
[0;33mW (620) flash_encrypt: Flash encryption mode is DEVELOPMENT (not secure)[0m
[0;32mI (627) nvs_sec_provider: NVS Encryption - Registering Flash encryption-based scheme...[0m
[0;32mI (636) main_task: Started on CPU0[0m
[0;32mI (646) main_task: Calling app_main()[0m
[0;32mI (646) Sonoff: [APP] Startup..[0m
[0;32mI (646) Sonoff: [APP] Free memory: 275668 bytes[0m
[0;32mI (646) Sonoff: [APP] IDF version: v5.4-1-ge33cb68d2a-dirty[0m
[0;32mI (686) nvs: NVS partition "nvs" is encrypted.[0m
[0;32mI (696) wifi:wifi driver task: 3ffc0dfc, prio:23, stack:6656, core=0[0m
[0;32mI (716) wifi:wifi firmware version: 48ea317a7[0m
[0;32mI (716) wifi:wifi certification version: v7.0[0m
[0;32mI (716) wifi:config NVS flash: enabled[0m
[0;32mI (716) wifi:config nano formatting: disabled[0m
[0;32mI (716) wifi:Init data frame dynamic rx buffer num: 32[0m
[0;32mI (726) wifi:Init static rx mgmt buffer num: 5[0m
[0;32mI (726) wifi:Init management short buffer num: 32[0m
[0;32mI (726) wifi:Init dynamic tx buffer num: 32[0m
[0;32mI (736) wifi:Init static rx buffer size: 1600[0m
[0;32mI (736) wifi:Init static rx buffer num: 10[0m
[0;32mI (746) wifi:Init dynamic rx buffer num: 32[0m
[0;32mI (746) wifi_init: rx ba win: 6[0m
[0;32mI (746) wifi_init: accept mbox: 6[0m
[0;32mI (756) wifi_init: tcpip mbox: 32[0m
[0;32mI (756) wifi_init: udp mbox: 6[0m
[0;32mI (756) wifi_init: tcp mbox: 6[0m
[0;32mI (756) wifi_init: tcp tx win: 5760[0m
[0;32mI (766) wifi_init: tcp rx win: 5760[0m
[0;32mI (766) wifi_init: tcp mss: 1440[0m
[0;32mI (766) wifi_init: WiFi IRAM OP enabled[0m
[0;32mI (776) wifi_init: WiFi RX IRAM OP enabled[0m
[0;32mI (776) phy_init: phy_version 4840,02e0d70,Sep  2 2024,19:39:07[0m
[0;32mI (856) wifi:mode : sta (8c:4f:00:3d:39:60)[0m
[0;32mI (856) wifi:enable tsf[0m
[0;32mI (876) wifi:new:<7,0>, old:<1,0>, ap:<255,255>, sta:<7,0>, prof:1, snd_ch_cfg:0x0[0m
[0;32mI (876) wifi:state: init -> auth (0xb0)[0m
[0;32mI (906) wifi:state: auth -> assoc (0x0)[0m
[0;32mI (956) wifi:state: assoc -> run (0x10)[0m
[0;32mI (1066) wifi:connected with Dinh Loi 2.4G, aid = 5, channel 7, BW20, bssid = cc:71:90:21:2f:d0[0m
[0;32mI (1066) wifi:security: WPA2-PSK, phy: bgn, rssi: -32[0m
[0;32mI (1066) wifi:pm start, type: 1[0m

[0;32mI (1066) wifi:dp: 1, bi: 102400, li: 3, scale listen interval from 307200 us to 307200 us[0m
[0;32mI (1076) wifi:AP's beacon interval = 102400 us, DTIM period = 1[0m
[0;32mI (2246) esp_netif_handlers: sta ip: 192.168.1.2, mask: 255.255.255.0, gw: 192.168.1.1[0m
[0;32mI (2246) TEST: wifi connect[0m
[0;32mI (2246) example: Initializing and starting SNTP[0m
[0;32mI (2436) wifi:<ba-add>idx:0 (ifx:0, cc:71:90:21:2f:d0), tid:1, ssn:1, winSize:64[0m
[0;32mI (4246) example: Waiting for system time to be set... (1/15)[0m
[0;32mI (4356) example: Notification of a time synchronization event[0m
[0;32mI (4356) example: The current date/time in VietNam is: Tue Mar 18 21:05:34 2025[0m
[0;32mI (4356) mqtts_example: [APP] Free memory: 221456 bytes[0m
[0;32mI (4356) wifi:<ba-add>idx:1 (ifx:0, cc:71:90:21:2f:d0), tid:0, ssn:6, winSize:64[0m
[0;32mI (4366) mqtts_example: Other event id:7[0m
[0;32mI (4376) main_task: Returned from app_main()[0m
[0;32mI (5086) mqtts_example: MQTT_EVENT_CONNECTED[0m
[0;32mI (5086) mqtts_example: sent subscribe successful, msg_id=22904[0m
[0;33mW (5086) Sonoff: MQTT_DEV_EVENT_CONNECTED[0m
[0;32mI (5356) example: The current date/time in VietNam is: Tue Mar 18 21:05:35 2025[0m
[0;32mI (5496) mqtts_example: MQTT_EVENT_SUBSCRIBED, msg_id=43427[0m
[0;32mI (5506) mqtts_example: sent publish successful, msg_id=0[0m
[0;33mW (5506) Sonoff: MQTT_DEV_EVENT_SUBSCRIBED[0m
[0;32mI (5806) mqtts_example: MQTT_EVENT_SUBSCRIBED, msg_id=56793[0m
[0;32mI (5806) mqtts_example: sent publish successful, msg_id=0[0m
[0;33mW (5806) Sonoff: MQTT_DEV_EVENT_SUBSCRIBED[0m
[0;32mI (5816) mqtts_example: MQTT_EVENT_SUBSCRIBED, msg_id=4215[0m
[0;32mI (5816) mqtts_example: sent publish successful, msg_id=0[0m
[0;33mW (5816) Sonoff: MQTT_DEV_EVENT_SUBSCRIBED[0m
[0;32mI (5826) mqtts_example: MQTT_EVENT_SUBSCRIBED, msg_id=27065[0m
[0;32mI (5826) mqtts_example: sent publish successful, msg_id=0[0m
[0;33mW (5836) Sonoff: MQTT_DEV_EVENT_SUBSCRIBED[0m
[0;32mI (5836) mqtts_example: MQTT_EVENT_PUBLISHED, msg_id=22904[0m
[0;32mI (6116) mqtts_example: MQTT_EVENT_DATA[0m
[0;33mW (6116) Sonoff: MQTT_DEV_EVENT_DATA[0m
[0;32mI (6356) example: The current date/time in VietNam is: Tue Mar 18 21:05:36 2025[0m
[0;32mI (6526) mqtts_example: MQTT_EVENT_DATA[0m
[0;33mW (6526) Sonoff: MQTT_DEV_EVENT_DATA[0m
[0;32mI (6526) mqtts_example: MQTT_EVENT_DATA[0m
[0;33mW (6526) Sonoff: MQTT_DEV_EVENT_DATA[0m
[0;32mI (6536) mqtts_example: MQTT_EVENT_DATA[0m
[0;33mW (6536) Sonoff: MQTT_DEV_EVENT_DATA[0m
[0;32mI (7356) example: The current date/time in VietNam is: Tue Mar 18 21:05:37 2025[0m
[0;32mI (8356) example: The current date/time in VietNam is: Tue Mar 18 21:05:38 2025[0m
[0;32mI (9356) example: The current date/time in VietNam is: Tue Mar 18 21:05:39 2025[0m
[0;32mI (10356) example: The current date/time in VietNam is: Tue Mar 18 21:05:40 2025[0m
[0;32mI (11356) example: The current date/time in VietNam is: Tue Mar 18 21:05:41 2025[0m
[0;32mI (12356) example: The current date/time in VietNam is: Tue Mar 18 21:05:42 2025[0m
[0;32mI (12866) mqtts_example: MQTT_EVENT_DATA[0m
[0;33mW (12866) Sonoff: MQTT_DEV_EVENT_DATA[0m
[0;32mI (13356) example: The current date/time in VietNam is: Tue Mar 18 21:05:43 2025[0m
[0;32mI (14356) example: The current date/time in VietNam is: Tue Mar 18 21:05:44 2025[0m
[0;32mI (14806) mqtts_example: MQTT_EVENT_DATA[0m
[0;33mW (14816) Sonoff: MQTT_DEV_EVENT_DATA[0m
[0;32mI (15356) example: The current date/time in VietNam is: Tue Mar 18 21:05:45 2025[0m
[0;32mI (15736) mqtts_example: MQTT_EVENT_DATA[0m
[0;33mW (15736) Sonoff: MQTT_DEV_EVENT_DATA[0m
[0;32mI (16356) example: The current date/time in VietNam is: Tue Mar 18 21:05:46 2025[0m
Start time: 0 End time:0 Current time:75946
[0;32mI (17356) example: The current date/time in VietNam is: Tue Mar 18 21:05:47 2025[0m
Start time: 0 End time:0 Current time:75947
[0;32mI (17476) mqtts_example: MQTT_EVENT_DATA[0m
[0;33mW (17476) Sonoff: MQTT_DEV_EVENT_DATA[0m
[0;32mI (17476) mqtts_example: MQTT_EVENT_PUBLISHED, msg_id=9597[0m
[0;32mI (18086) mqtts_example: MQTT_EVENT_PUBLISHED, msg_id=54132[0m
[0;32mI (18356) example: The current date/time in VietNam is: Tue Mar 18 21:05:48 2025[0m
[0;32mI (18606) mqtts_example: MQTT_EVENT_DATA[0m
[0;33mW (18606) Sonoff: MQTT_DEV_EVENT_DATA[0m
[0;32mI (19356) example: The current date/time in VietNam is: Tue Mar 18 21:05:49 2025[0m
Start time: 0 End time:0 Current time:75949
[0;32mI (19626) mqtts_example: MQTT_EVENT_DATA[0m
[0;33mW (19626) Sonoff: MQTT_DEV_EVENT_DATA[0m
[0;32mI (19626) mqtts_example: MQTT_EVENT_PUBLISHED, msg_id=8873[0m
[0;32mI (20236) mqtts_example: MQTT_EVENT_DATA[0m
[0;33mW (20236) Sonoff: MQTT_DEV_EVENT_DATA[0m
[0;32mI (20356) example: The current date/time in VietNam is: Tue Mar 18 21:05:50 2025[0m
[0;32mI (21056) mqtts_example: MQTT_EVENT_DATA[0m
[0;33mW (21056) Sonoff: MQTT_DEV_EVENT_DATA[0m
[0;32mI (21356) example: The current date/time in VietNam is: Tue Mar 18 21:05:51 2025[0m
[0;32mI (21776) mqtts_example: MQTT_EVENT_DATA[0m
[0;33mW (21776) Sonoff: MQTT_DEV_EVENT_DATA[0m
[0;32mI (22356) example: The current date/time in VietNam is: Tue Mar 18 21:05:52 2025[0m
[0;32mI (23356) example: The current date/time in VietNam is: Tue Mar 18 21:05:53 2025[0m
